DSH/1/81,admission number, 6925; date of entry, 21-03-1827; name, John Reed; quality, Able Seaman; age, 32; place of birth, Shields; port sailed out of, ; years at sea, 1.5: 14; last services, Peggy; under what circumstances admitted (or nature of complaint), ; date of discharge, 09-04-1827; how disposed of, Shipped; number of days victualled, 20; admission number, 6926; date of entry, ; name, James Robinson; quality, Boy; age, 15; place of birth, Yarmouth; port sailed out of, ; years at sea, 0: 1.5; last services, Harby; under what circumstances admitted (or nature of complaint), Scald Head; date of discharge, 12-04-1827; how disposed of, To a/his Ship Cured; number of days victualled, 23; admission number, ; date of entry, ; name, ; quality, ; age, ; place of birth, ; port sailed out of, ; years at sea, ; last services, ; under what circumstances admitted (or nature of complaint), ; date of discharge, ; how disposed of, ; number of days victualled, ;
