DSH/1/81,admission number, 6925; date of entry, 21-03-1827; name, John Reed; quality, Able Seaman; age, 32; place of birth, Shields; port sailed out of, Somewhere; years at sea, 01.5: 14; last services, Peggy; under what circumstances admitted (or nature of complaint), Rheumatism; date of discharge, 09-04-1827; how disposed of, Shipped; number of days victualled, 20;
