data.text
""
London
London
London
London
London
London
Londonno
London
London
London.
London
London;England
""
London
London
London
London
London
London
London
London
London
London.
London
London; England
""
London
London;England
""
London
Test One Two
Test One Two
Test a B
Test a B
Test A. B
Test A. B
Test of
Test of
Test on
Test on
Test de
Test de
Test at
Test at
Test the
Test the
Test US
Test USA
Test SS
Test SB
Test NS
Test NB
Test NA
Test AB
Test NJ
Test upon
Test upon
Test ...abc
Test ...abc
...abc
...abc
Test [a
Test ]a
Test {a
Test }a
Test 'a
Test L'Orleans
Test L'Orleans
Test ''orleans
Test B'orleans
Test C-B
Test C-B
Test
'Test
%Test
''test
%%Test
