data.text
""
Has Ship
Has Ship
Has Ship
Has Ship
Has Ship
I Has Ship
I Has Ship
I Has Ship
I Has Ship
I Has Ship
Ship Has
Ship Has
Ship Has
Ship Has
Ship Has
HCS Ship
HCS Ship
HCS Ship
HCS Ship
HCS Ship
I Hcs Ship
I Hcs Ship
I Hcs Ship
I Hcs Ship
I Hcs Ship
Ship Hcs
Ship Hcs
Ship Hcs
Ship Hcs
Ship Hcs
HMS Ship
HMS Ship
HMS Ship
HMS Ship
HMS Ship
I Hms Ship
I Hms Ship
I Hms Ship
I Hms Ship
I Hms Ship
Ship Hms
Ship Hms
Ship Hms
Ship Hms
Ship Hms
HMS Ship
HMS Ship
HMS Ship
HMS Ship
HMS Ship
I Hms Ms Ship
I Hms Ms Ship
I Hms Ms Ship
I Hms Ms Ship
I Hms Ms Ship
Ship Hms Ms
Ship Hms Ms
Ship Hms Ms
Ship Hms Ms
Ship Hms Ms
