data.text
18-02-1826
07-03-1826
31-05-1826
26-10-1826
28-09-1827
10-10-1828
10-10-1828
10-010-828
