subject_id,task,admission number,date of entry,name,quality,age,place of birth,port sailed out of,years at sea,last services,under what circumstances admitted (or nature of complaint),date of discharge,how disposed of,number of days victualled,complete
