DSH/1/91,admission number, 7175; date of entry, 05-05-1827; name, Edward Lawrence; quality, Able Seaman; age, 25; place of birth, Bemester; port sailed out of, ; years at sea, 00: 07; last services, Malta; under what circumstances admitted (or nature of complaint), Ulcered Leg; date of discharge, 04-06-1827; how disposed of, Request Cured; number of days victualled, 31; 